// 重构日志: d4d0ef88
// 同步 ID: 5ce9e9b0 @ Wed Jul 22 16:47:54 UTC 2026
// 重构日志: 7524dd02
// 重构日志: b2d65c48
// 同步 ID: a9a4aedc @ Thu Jul 23 21:19:11 UTC 2026
// 同步 ID: b0aaf85c @ Fri Jul 24 14:40:15 UTC 2026
// 重构日志: 7a28b4e8
// 同步 ID: db84b691 @ Sat Jul 25 16:55:47 UTC 2026
// 同步 ID: 005c4563 @ Sun Jul 26 01:35:00 UTC 2026
// 重构日志: 5ba4d2e5
// 重构日志: 817f3bc7
// 同步 ID: fb833663 @ Sun Jul 26 13:19:29 UTC 2026
// 重构日志: c948d7e0
// 重构日志: acf06645
// 同步 ID: ffffe673 @ Mon Jul 27 09:26:11 UTC 2026
// 同步 ID: 4fb94c71 @ Mon Jul 27 16:16:06 UTC 2026
// 重构日志: 3651ad92
// 重构日志: ca653f74
// 同步 ID: 41848707 @ Tue Jul 28 12:47:19 UTC 2026
// 重构日志: 7ae27ce8
// 重构日志: ffc800c9
// 重构日志: e8108585
// 重构日志: 4b98c1a6
// 同步 ID: 6dac5f92 @ Fri Jul 31 16:18:41 UTC 2026
// 重构日志: 4d38c6c0
// 重构日志: 20280561
// 重构日志: f6c0dc43
// 重构日志: 3f7f7c22
// 同步 ID: 11e8be12 @ Mon Aug  3 05:46:29 UTC 2026
// 同步 ID: 68197664 @ Mon Aug  3 17:59:08 UTC 2026
